../Core/Src/main.c:64:10:ADC_Convert_Rank_1	40	static
../Core/Src/main.c:88:10:ADC_Convert_Rank_2	40	static
../Core/Src/main.c:101:10:ADC_Convert_Rank_3	40	static
../Core/Src/main.c:114:10:ADC_Convert_Rank_4	40	static
../Core/Src/main.c:133:5:main	8	static
../Core/Src/main.c:188:6:SystemClock_Config	120	static
../Core/Src/main.c:247:13:MX_ADC1_Init	48	static
../Core/Src/main.c:351:13:MX_GPIO_Init	24	static
../Core/Src/main.c:373:6:MPU_Config	24	static
../Core/Src/main.c:404:6:Error_Handler	4	static,ignoring_inline_asm
