../Core/Src/main.c:71:6:HAL_ADC_ConvCpltCallback	16	static
../Core/Src/main.c:82:5:main	8	static
../Core/Src/main.c:145:6:SystemClock_Config	120	static
../Core/Src/main.c:203:6:PeriphCommonClock_Config	200	static
../Core/Src/main.c:230:13:MX_ADC1_Init	48	static
../Core/Src/main.c:329:13:MX_ADC2_Init	40	static
../Core/Src/main.c:387:13:MX_DMA_Init	16	static
../Core/Src/main.c:405:13:MX_GPIO_Init	24	static
../Core/Src/main.c:427:6:MPU_Config	24	static
../Core/Src/main.c:458:6:Error_Handler	4	static,ignoring_inline_asm
