../Core/Src/main.c:49:6:SendCharUART	16	static
../Core/Src/main.c:54:6:SendStringUART	16	static
../Core/Src/main.c:59:6:SendCharUART_Reg	16	static
../Core/Src/main.c:71:6:SendStringUART_Reg	24	static
../Core/Src/main.c:85:6:GetCharUART_Reg	8	static
../Core/Src/main.c:128:5:main	32	static
../Core/Src/main.c:206:6:SystemClock_Config	72	static
../Core/Src/main.c:242:13:MX_USART1_UART_Init	8	static
../Core/Src/main.c:275:13:MX_GPIO_Init	40	static
../Core/Src/main.c:310:6:Error_Handler	4	static,ignoring_inline_asm
